// Jest Snapshot v1, https://goo.gl/fbAQLP

exports[`<App /> matches snapshot and renders correctly 1`] = `
<RNCSafeAreaProvider
  onInsetsChange={[Function]}
  style={
    [
      {
        "flex": 1,
      },
      undefined,
    ]
  }
>
  <View
    collapsable={false}
    pointerEvents="box-none"
    style={
      {
        "flex": 1,
      }
    }
  >
    <View
      style={
        [
          {
            "flex": 1,
          },
          undefined,
        ]
      }
    >
      <RNSScreenNavigationContainer
        style={
          {
            "flex": 1,
            "overflow": "hidden",
          }
        }
      >
        <RNSScreen
          activityState={2}
          collapsable={false}
          forwardedRef={[Function]}
          gestureResponseDistance={
            {
              "bottom": -1,
              "end": -1,
              "start": -1,
              "top": -1,
            }
          }
          style={
            {
              "bottom": 0,
              "left": 0,
              "position": "absolute",
              "right": 0,
              "top": 0,
              "zIndex": 0,
            }
          }
        >
          <View
            accessibilityElementsHidden={false}
            importantForAccessibility="auto"
            style={
              [
                {
                  "backgroundColor": "rgb(242, 242, 242)",
                  "flex": 1,
                },
                [
                  {
                    "flex": 1,
                    "flexDirection": "column-reverse",
                  },
                  undefined,
                ],
              ]
            }
          >
            <View
              style={
                {
                  "flex": 1,
                }
              }
            >
              <View
                style={
                  {
                    "flex": 1,
                    "justifyContent": "center",
                  }
                }
              >
                <Text
                  style={
                    [
                      {
                        "textAlign": "left",
                      },
                      {
                        "color": "rgba(28, 27, 31, 1)",
                        "fontFamily": "System",
                        "fontWeight": "400",
                        "letterSpacing": 0,
                      },
                      {
                        "writingDirection": "ltr",
                      },
                      {
                        "textAlign": "center",
                      },
                    ]
                  }
                >
                  Hello 
                  MobX Demo
                   !
                </Text>
                <View
                  style={
                    [
                      {
                        "backgroundColor": "rgba(202, 196, 208, 1)",
                        "height": 0.5,
                      },
                      undefined,
                      false,
                      false,
                      {
                        "background": "black",
                        "height": 10,
                        "marginVertical": 20,
                      },
                    ]
                  }
                />
                <Text
                  style={
                    [
                      {
                        "textAlign": "left",
                      },
                      {
                        "color": "rgba(28, 27, 31, 1)",
                        "fontFamily": "System",
                        "fontWeight": "400",
                        "letterSpacing": 0,
                      },
                      {
                        "writingDirection": "ltr",
                      },
                      undefined,
                    ]
                  }
                >
                  Please change tab
                </Text>
              </View>
            </View>
            <View
              onLayout={[Function]}
              style={null}
            >
              <View
                collapsable={false}
                pointerEvents="box-none"
                style={
                  {
                    "bottom": 0,
                    "left": 0,
                    "position": "absolute",
                    "right": 0,
                    "top": 0,
                    "zIndex": 0,
                  }
                }
              >
                <View
                  collapsable={false}
                  style={
                    {
                      "backgroundColor": "rgb(255, 255, 255)",
                      "borderBottomColor": "rgb(199, 199, 204)",
                      "flex": 1,
                      "shadowColor": "rgb(199, 199, 204)",
                      "shadowOffset": {
                        "height": 0.5,
                        "width": 0,
                      },
                      "shadowOpacity": 0.85,
                      "shadowRadius": 0,
                    }
                  }
                />
              </View>
              <View
                collapsable={false}
                pointerEvents="box-none"
                style={
                  {
                    "height": 44,
                    "maxHeight": undefined,
                    "minHeight": undefined,
                    "opacity": undefined,
                    "transform": undefined,
                  }
                }
              >
                <View
                  pointerEvents="none"
                  style={
                    {
                      "height": 0,
                    }
                  }
                />
                <View
                  pointerEvents="box-none"
                  style={
                    {
                      "alignItems": "stretch",
                      "flex": 1,
                      "flexDirection": "row",
                    }
                  }
                >
                  <View
                    collapsable={false}
                    pointerEvents="box-none"
                    style={
                      {
                        "alignItems": "flex-start",
                        "flexBasis": 0,
                        "flexGrow": 1,
                        "justifyContent": "center",
                        "marginStart": 0,
                      }
                    }
                  />
                  <View
                    collapsable={false}
                    pointerEvents="box-none"
                    style={
                      {
                        "justifyContent": "center",
                        "marginHorizontal": 16,
                        "maxWidth": 718,
                      }
                    }
                  >
                    <Text
                      accessibilityRole="header"
                      aria-level="1"
                      collapsable={false}
                      numberOfLines={1}
                      style={
                        {
                          "color": "rgb(28, 28, 30)",
                          "fontSize": 17,
                          "fontWeight": "600",
                        }
                      }
                    >
                      Home
                    </Text>
                  </View>
                  <View
                    collapsable={false}
                    pointerEvents="box-none"
                    style={
                      {
                        "alignItems": "flex-end",
                        "flexBasis": 0,
                        "flexGrow": 1,
                        "justifyContent": "center",
                        "marginEnd": 0,
                      }
                    }
                  />
                </View>
              </View>
            </View>
          </View>
        </RNSScreen>
      </RNSScreenNavigationContainer>
      <View
        collapsable={false}
        onLayout={[Function]}
        pointerEvents="auto"
        style={
          {
            "backgroundColor": "rgb(255, 255, 255)",
            "borderTopColor": "rgb(199, 199, 204)",
            "borderTopWidth": 0.5,
            "bottom": 0,
            "elevation": 8,
            "height": 49,
            "left": 0,
            "paddingBottom": 0,
            "paddingHorizontal": 0,
            "position": null,
            "right": 0,
            "transform": [
              {
                "translateY": 0,
              },
            ],
          }
        }
      >
        <View
          pointerEvents="none"
          style={
            {
              "bottom": 0,
              "left": 0,
              "position": "absolute",
              "right": 0,
              "top": 0,
            }
          }
        />
        <View
          accessibilityRole="tablist"
          style={
            {
              "flex": 1,
              "flexDirection": "row",
            }
          }
        >
          <View
            accessibilityLabel="Home, tab, 1 of 3"
            accessibilityRole="button"
            accessibilityState={
              {
                "busy": undefined,
                "checked": undefined,
                "disabled": undefined,
                "expanded": undefined,
                "selected": true,
              }
            }
            accessibilityStates={
              [
                "selected",
              ]
            }
            accessibilityValue={
              {
                "max": undefined,
                "min": undefined,
                "now": undefined,
                "text": undefined,
              }
            }
            accessible={true}
            collapsable={false}
            focusable={true}
            onBlur={[Function]}
            onClick={[Function]}
            onFocus={[Function]}
            onResponderGrant={[Function]}
            onResponderMove={[Function]}
            onResponderRelease={[Function]}
            onResponderTerminate={[Function]}
            onResponderTerminationRequest={[Function]}
            onStartShouldSetResponder={[Function]}
            style={
              [
                {
                  "alignItems": "center",
                  "flex": 1,
                },
                {
                  "backgroundColor": "transparent",
                },
                {
                  "flexDirection": "column",
                  "justifyContent": "flex-end",
                },
                undefined,
              ]
            }
          >
            <View
              style={
                [
                  {
                    "flex": 1,
                  },
                  undefined,
                ]
              }
            >
              <View
                style={
                  [
                    {
                      "alignItems": "center",
                      "alignSelf": "center",
                      "height": "100%",
                      "justifyContent": "center",
                      "minWidth": 25,
                      "position": "absolute",
                      "width": "100%",
                    },
                    {
                      "opacity": 1,
                    },
                  ]
                }
              >
                <Text />
              </View>
              <View
                style={
                  [
                    {
                      "alignItems": "center",
                      "alignSelf": "center",
                      "height": "100%",
                      "justifyContent": "center",
                      "minWidth": 25,
                      "position": "absolute",
                      "width": "100%",
                    },
                    {
                      "opacity": 0,
                    },
                  ]
                }
              >
                <Text />
              </View>
            </View>
            <Text
              numberOfLines={1}
              style={
                [
                  {
                    "backgroundColor": "transparent",
                    "textAlign": "center",
                  },
                  {
                    "color": "red",
                  },
                  {
                    "fontSize": 10,
                  },
                  undefined,
                ]
              }
            >
              Home
            </Text>
          </View>
          <View
            accessibilityLabel="Basic, tab, 2 of 3"
            accessibilityRole="button"
            accessibilityState={
              {
                "busy": undefined,
                "checked": undefined,
                "disabled": undefined,
                "expanded": undefined,
                "selected": false,
              }
            }
            accessibilityStates={[]}
            accessibilityValue={
              {
                "max": undefined,
                "min": undefined,
                "now": undefined,
                "text": undefined,
              }
            }
            accessible={true}
            collapsable={false}
            focusable={true}
            onBlur={[Function]}
            onClick={[Function]}
            onFocus={[Function]}
            onResponderGrant={[Function]}
            onResponderMove={[Function]}
            onResponderRelease={[Function]}
            onResponderTerminate={[Function]}
            onResponderTerminationRequest={[Function]}
            onStartShouldSetResponder={[Function]}
            style={
              [
                {
                  "alignItems": "center",
                  "flex": 1,
                },
                {
                  "backgroundColor": "transparent",
                },
                {
                  "flexDirection": "column",
                  "justifyContent": "flex-end",
                },
                undefined,
              ]
            }
          >
            <View
              style={
                [
                  {
                    "flex": 1,
                  },
                  undefined,
                ]
              }
            >
              <View
                style={
                  [
                    {
                      "alignItems": "center",
                      "alignSelf": "center",
                      "height": "100%",
                      "justifyContent": "center",
                      "minWidth": 25,
                      "position": "absolute",
                      "width": "100%",
                    },
                    {
                      "opacity": 0,
                    },
                  ]
                }
              >
                <Text />
              </View>
              <View
                style={
                  [
                    {
                      "alignItems": "center",
                      "alignSelf": "center",
                      "height": "100%",
                      "justifyContent": "center",
                      "minWidth": 25,
                      "position": "absolute",
                      "width": "100%",
                    },
                    {
                      "opacity": 1,
                    },
                  ]
                }
              >
                <Text />
              </View>
              <Text
                collapsable={false}
                numberOfLines={1}
                style={
                  {
                    "alignSelf": "flex-end",
                    "backgroundColor": "blue",
                    "borderRadius": 9.375,
                    "color": "white",
                    "fontSize": 14,
                    "height": 18.75,
                    "left": 3,
                    "lineHeight": 17.75,
                    "minWidth": 18.75,
                    "opacity": 1,
                    "overflow": "hidden",
                    "paddingHorizontal": 4,
                    "position": "absolute",
                    "textAlign": "center",
                    "top": 3,
                    "transform": [
                      {
                        "scale": 1,
                      },
                    ],
                  }
                }
              >
                3
              </Text>
            </View>
            <Text
              numberOfLines={1}
              style={
                [
                  {
                    "backgroundColor": "transparent",
                    "textAlign": "center",
                  },
                  {
                    "color": "#8E8E8F",
                  },
                  {
                    "fontSize": 10,
                  },
                  undefined,
                ]
              }
            >
              Basic
            </Text>
          </View>
          <View
            accessibilityLabel="Advanced, tab, 3 of 3"
            accessibilityRole="button"
            accessibilityState={
              {
                "busy": undefined,
                "checked": undefined,
                "disabled": undefined,
                "expanded": undefined,
                "selected": false,
              }
            }
            accessibilityStates={[]}
            accessibilityValue={
              {
                "max": undefined,
                "min": undefined,
                "now": undefined,
                "text": undefined,
              }
            }
            accessible={true}
            collapsable={false}
            focusable={true}
            onBlur={[Function]}
            onClick={[Function]}
            onFocus={[Function]}
            onResponderGrant={[Function]}
            onResponderMove={[Function]}
            onResponderRelease={[Function]}
            onResponderTerminate={[Function]}
            onResponderTerminationRequest={[Function]}
            onStartShouldSetResponder={[Function]}
            style={
              [
                {
                  "alignItems": "center",
                  "flex": 1,
                },
                {
                  "backgroundColor": "transparent",
                },
                {
                  "flexDirection": "column",
                  "justifyContent": "flex-end",
                },
                undefined,
              ]
            }
          >
            <View
              style={
                [
                  {
                    "flex": 1,
                  },
                  undefined,
                ]
              }
            >
              <View
                style={
                  [
                    {
                      "alignItems": "center",
                      "alignSelf": "center",
                      "height": "100%",
                      "justifyContent": "center",
                      "minWidth": 25,
                      "position": "absolute",
                      "width": "100%",
                    },
                    {
                      "opacity": 0,
                    },
                  ]
                }
              >
                <Text />
              </View>
              <View
                style={
                  [
                    {
                      "alignItems": "center",
                      "alignSelf": "center",
                      "height": "100%",
                      "justifyContent": "center",
                      "minWidth": 25,
                      "position": "absolute",
                      "width": "100%",
                    },
                    {
                      "opacity": 1,
                    },
                  ]
                }
              >
                <Text />
              </View>
            </View>
            <Text
              numberOfLines={1}
              style={
                [
                  {
                    "backgroundColor": "transparent",
                    "textAlign": "center",
                  },
                  {
                    "color": "#8E8E8F",
                  },
                  {
                    "fontSize": 10,
                  },
                  undefined,
                ]
              }
            >
              Advanced
            </Text>
          </View>
        </View>
      </View>
    </View>
  </View>
</RNCSafeAreaProvider>
`;
